ubuntu@fa2f9af0fac8:/bootstrap-microservices/chapter-2$ nvm list
->     v16.13.2
default -> lts/* (-> v16.13.2)
node -> stable (-> v16.13.2) (default)
stable -> 16.13 (-> v16.13.2) (default)
iojs -> N/A (default)
unstable -> N/A (default)
lts/* -> lts/gallium (-> v16.13.2)
lts/argon -> v4.9.1 (-> N/A)
lts/boron -> v6.17.1 (-> N/A)
lts/carbon -> v8.17.0 (-> N/A)
lts/dubnium -> v10.24.1 (-> N/A)
lts/erbium -> v12.22.10 (-> N/A)
lts/fermium -> v14.19.0 (-> N/A)
lts/gallium -> v16.13.2
ubuntu@fa2f9af0fac8:/bootstrap-microservices/chapter-2$ whereis npm
npm: /home/ubuntu/.nvm/versions/node/v16.13.2/bin/npm
ubuntu@fa2f9af0fac8:/bootstrap-microservices/chapter-2$ node --version
v16.13.2
ubuntu@fa2f9af0fac8:/bootstrap-microservices/chapter-2$ npm --version
8.1.2
ubuntu@fa2f9af0fac8:/bootstrap-microservices/chapter-2$
ubuntu@fa2f9af0fac8:/bootstrap-microservices/chapter-2$ mkdir my-new-project
ubuntu@fa2f9af0fac8:/bootstrap-microservices/chapter-2$ cd my-new-project/
ubuntu@fa2f9af0fac8:/bootstrap-microservices/chapter-2/my-new-project$ npm init -y
Wrote to /bootstrap-microservices/chapter-2/my-new-project/package.json:

{
  "name": "my-new-project",
  "version": "1.0.0",
  "description": "",
  "main": "index.js",
  "scripts": {
    "test": "echo \"Error: no test specified\" && exit 1"
  },
  "keywords": [],
  "author": "",
  "license": "ISC"
}


ubuntu@fa2f9af0fac8:/bootstrap-microservices/chapter-2/my-new-project$
ubuntu@fa2f9af0fac8:/bootstrap-microservices/chapter-2/my-new-project$ ls
package.json
ubuntu@fa2f9af0fac8:/bootstrap-microservices/chapter-2/my-new-project$ npm install express --save

added 50 packages, and audited 51 packages in 2s

2 packages are looking for funding
  run `npm fund` for details

found 0 vulnerabilities
ubuntu@fa2f9af0fac8:/bootstrap-microservices/chapter-2/my-new-project$ ls
node_modules  package-lock.json  package.json
ubuntu@fa2f9af0fac8:/bootstrap-microservices/chapter-2/my-new-project$ cat package.json
{
  "name": "my-new-project",
  "version": "1.0.0",
  "description": "",
  "main": "index.js",
  "scripts": {
    "test": "echo \"Error: no test specified\" && exit 1"
  },
  "keywords": [],
  "author": "",
  "license": "ISC",
  "dependencies": {
    "express": "^4.17.2"
  }
}
ubuntu@fa2f9af0fac8:/bootstrap-microservices/chapter-2/my-new-project$
